// Jest Snapshot v1, https://goo.gl/fbAQLP

exports[`<TextInput /> should match snapshot 1`] = `
<div>
  <input
    class="text-input"
    placeholder="Type to search"
    type="search"
    value="um valor qualquer"
  />
</div>
`;
